cargo : warning: struct `ChunkReader` is 
never constructed
At line:1 char:1
+ cargo test > test_output.txt 2>&1
+ ~~~~~~~~~~~~~~~~~~~~~~~~~~~~~~~~~
    + CategoryInfo          : NotSpecified:  
   (warning: struct...ver constructed:Strin  
  g) [], RemoteException
    + FullyQualifiedErrorId : NativeCommandE 
   rror
 
 --> 
src\internal\requests\parse_stream.rs:3:12
  |
3 | pub struct ChunkReader {
  |            ^^^^^^^^^^^
  |
  = note: `#[warn(dead_code)]` (part of 
`#[warn(unused)]`) on by default

warning: associated function `new` is never 
used
  --> 
src\internal\requests\parse_stream.rs:10:12
   |
 9 | impl ChunkReader {
   | ---------------- associated function in 
this implementation
10 |     pub fn new(data: String, num_byte...
   |            ^^^

warning: `httpfromtcp` (lib) generated 2 
warnings
warning: `httpfromtcp` (bin "main" test) 
generated 2 warnings (2 duplicates)
warning: unused variable: `data`
  --> src\tcpsender\main.rs:50:23
   |
50 |     fn new(&mut self, data: &[u8]) {
   |                       ^^^^ help: if 
this is intentional, prefix it with an 
underscore: `_data`
   |
   = note: `#[warn(unused_variables)]` (part 
of `#[warn(unused)]`) on by default

warning: unused variable: `data`
  --> src\tcpsender\main.rs:60:23
   |
60 |     fn new(&mut self, data: &[u8]) {
   |                       ^^^^ help: if 
this is intentional, prefix it with an 
underscore: `_data`

warning: struct `Paypal` is never constructed
  --> src\tcpsender\main.rs:21:8
   |
21 | struct Paypal {
   |        ^^^^^^
   |
   = note: `#[warn(dead_code)]` (part of 
`#[warn(unused)]`) on by default

warning: struct `Razorpay` is never 
constructed
  --> src\tcpsender\main.rs:27:8
   |
27 | struct Razorpay {
   |        ^^^^^^^^

warning: trait `PaymentProcessing` is never 
used
  --> src\tcpsender\main.rs:33:7
   |
33 | trait PaymentProcessing {
   |       ^^^^^^^^^^^^^^^^^

warning: associated items `new` and 
`something_unique_by_paypal` are never used
  --> src\tcpsender\main.rs:50:8
   |
49 | impl Paypal {
   | ----------- associated items in this 
implementation
50 |     fn new(&mut self, data: &[u8]) {
   |        ^^^
...
54 |     fn something_unique_by_paypal() {
   |        ^^^^^^^^^^^^^^^^^^^^^^^^^^

warning: associated items `new` and 
`something_unique_by_razorpayl` are never 
used
  --> src\tcpsender\main.rs:60:8
   |
59 | impl Razorpay {
   | ------------- associated items in this 
implementation
60 |     fn new(&mut self, data: &[u8]) {
   |        ^^^
...
64 |     fn something_unique_by_razorpayl() {
   |        ^^^^^^^^^^^^^^^^^^^^^^^^^^^^^

warning: `httpfromtcp` (bin "tcpsender" 
test) generated 7 warnings
warning: `httpfromtcp` (lib test) generated 
2 warnings (2 duplicates)
    Finished `test` profile [unoptimized + 
debuginfo] target(s) in 0.02s
     Running unittests src\lib.rs (target\deb
ug\deps\httpfromtcp-26d827b56faf019e.exe)

running 14 tests
test internal::headers::headers_test::tests::invalid_spacing_header ... ok
test internal::requests::request_test::tests::good_get_request_line ... ok
test internal::requests::request_test::tests::test_case_insensitive_headers ... ok
test internal::headers::headers_test::tests::valid_single_header ... FAILED
test internal::requests::request_test::tests::test_body_shorter_than_reported ... FAILED
test internal::requests::request_test::tests::test_empty_body_0_content_length ... ok
test internal::requests::request_test::tests::test_duplicate_headers ... ok
test internal::requests::request_test::tests::test_standard_body ... ok
test internal::requests::request_test::tests::test_empty_body_no_content_length ... ok
test internal::requests::request_test::tests::test_empty_headers ... ok
test internal::requests::request_test::tests::test_malformed_header ... ok
test internal::requests::request_test::tests::test_no_content_length_but_body_exists ... ok
test internal::requests::request_test::tests::test_missing_end_of_headers ... ok
test internal::requests::request_test::tests::test_standard_headers ... ok

failures:

---- internal::headers::headers_test::tests::valid_single_header stdout ----

thread 'internal::headers::headers_test::tests::valid_single_header' (2004) panicked at src\internal\headers\headers_test.rs:16:9:
assertion failed: !done

---- internal::requests::request_test::tests::test_body_shorter_than_reported stdout ----
3
RequestLine { http_version: "", request_target: "", method: "" }, 0
3
RequestLine { http_version: "", request_target: "", method: "" }, 0
3
RequestLine { http_version: "", request_target: "", method: "" }, 0
3
RequestLine { http_version: "", request_target: "", method: "" }, 0
3
RequestLine { http_version: "", request_target: "", method: "" }, 0
3
RequestLine { http_version: "", request_target: "", method: "" }, 0
3
RequestLine { http_version: "", request_target: "", method: "" }, 0
3
RequestLine { http_version: "HTTP/1.1", request_target: "/submit", method: "POST" }, 23
3
3
3
3
3
3
3
3
3
3
3
error: test failed, to rerun pass `--lib`
3
3
3
3
3
3
3
3
2
0

thread 'internal::requests::request_test::tests::test_body_shorter_than_reported' (12552) panicked at src\internal\requests\request_test.rs:46:9:
Expected error for body shorter than content-length
note: run with `RUST_BACKTRACE=1` environment variable to display a backtrace


failures:
    internal::headers::headers_test::tests::valid_single_header
    internal::requests::request_test::tests::test_body_shorter_than_reported

test result: FAILED. 12 passed; 2 failed; 0 ignored; 0 measured; 0 filtered out; finished in 0.00s

